******************************************************************************
          TMS320C6x COFF Linker PC v5.1.0                      
******************************************************************************
>> Linked Thu Apr 06 19:53:00 2023

OUTPUT FILE NAME:   <./Debug/lab4_conveer.out>
ENTRY POINT SYMBOL: "_c_int00"  address: 80007960


MEMORY CONFIGURATION

                  name            origin    length      used    attr    fill
         ----------------------  --------  ---------  --------  ----  --------
         VECS                    00000000   00000200  00000000  RWIX
         PMEM                    00000200   0000fe00  00000000  RWIX
         BMEM                    80000000   01000000  0000b2d6  RWIX


SECTION ALLOCATION MAP

 output                                  attributes/
section   page    origin      length       input sections
--------  ----  ----------  ----------   ----------------
.rtdx_text 
*          0    80000000    00000000     UNINITIALIZED

.data      0    80000000    00000000     UNINITIALIZED

.rtdx_data 
*          0    80000000    00000000     UNINITIALIZED

.switch    0    80000000    00000000     UNINITIALIZED

.text      0    80000000    00007ba0     
                  80000000    000005a0     rts6700.lib : _printfi.obj (.text:__setfield)
                  800005a0    00000480                 : _printfi.obj (.text:__getarg_diouxp)
                  80000a20    00000480                 : ecvt.obj (.text:_ecvt)
                  80000ea0    00000480                 : fcvt.obj (.text:_fcvt)
                  80001320    00000480                 : _printfi.obj (.text:__printfi)
                  800017a0    00000440                 : _printfi.obj (.text:__fcpy)
                  80001be0    000003e0                 : _printfi.obj (.text:__pproc_fwp)
                  80001fc0    000003c0                 : _printfi.obj (.text:__pconv_e)
                  80002380    000003c0                 : fputs.obj (.text:_fputs)
                  80002740    000003a0                 : memory.obj (.text:_free)
                  80002ae0    00000380                 : _printfi.obj (.text:__pproc_str)
                  80002e60    00000380                 : imath64.obj (.text:__divull)
                  800031e0    00000320                 : frcdivd.obj (.text:__frcdivd)
                  80003500    00000300                 : _printfi.obj (.text:__pconv_g)
                  80003800    00000300                 : _printfi.obj (.text:__pproc_diouxp)
                  80003b00    00000280                 : divd.obj (.text:__divd)
                  80003d80    00000260                 : setvbuf.obj (.text:_setvbuf)
                  80003fe0    00000260                 : imath40.obj (.text:__divul)
                  80004240    00000240                 : trgdrv.obj (.text:_HOSTrename)
                  80004480    00000240                 : memcpy62.obj (.text:_memcpy)
                  800046c0    00000220                 : memory.obj (.text:_malloc)
                  800048e0    00000200                 : _printfi.obj (.text:__mcpy)
                  80004ae0    000001e0                 : _printfi.obj (.text:__ltostr)
                  80004cc0    000001c0                 : lowlev.obj (.text:_getdevice)
                  80004e80    00000180                 : fputc.obj (.text:_fputc)
                  80005000    00000180                 : trgdrv.obj (.text:_HOSTlseek)
                  80005180    00000160                 : lowlev.obj (.text:_write)
                  800052e0    00000160                 : lowlev.obj (.text:_lseek)
                  80005440    00000160                 : fclose.obj (.text:_fclose)
                  800055a0    00000160                 : _printfi.obj (.text:__pproc_fflags)
                  80005700    00000160                 : trgdrv.obj (.text:_HOSTopen)
                  80005860    00000140                 : exit.obj (.text:_exit)
                  800059a0    00000140                 : ltoa.obj (.text:_ltoa)
                  80005ae0    00000140                 : autoinit.obj (.text:__auto_init)
                  80005c20    00000140                 : memset.obj (.text:_memset)
                  80005d60    00000140                 : atoi.obj (.text:_atoi)
                  80005ea0    00000140                 : lowlev.obj (.text:_close)
                  80005fe0    00000140                 : _printfi.obj (.text:__pconv_f)
                  80006120    00000140                 : imath40.obj (.text:__divli)
                  80006260    00000120                 : trgdrv.obj (.text:_HOSTwrite)
                  80006380    00000120                 : trgdrv.obj (.text:_HOSTunlink)
                  800064a0    00000120                 : trgdrv.obj (.text:_HOSTread)
                  800065c0    00000120                 : fseek.obj (.text:_fseek)
                  800066e0    00000120                 : _printfi.obj (.text:__div)
                  80006800    00000120                 : _io_perm.obj (.text:__wrt_ok)
                  80006920    00000120                 : _printfi.obj (.text:__pproc_fge)
                  80006a40    00000100     example.obj (.text)
                  80006b40    00000100     rts6700.lib : _printfi.obj (.text:__ecpy)
                  80006c40    00000100                 : fopen.obj (.text:__cleanup)
                  80006d40    00000100                 : trgdrv.obj (.text:_HOSTclose)
                  80006e40    000000e0                 : memory.obj (.text:_minsert)
                  80006f20    000000e0                 : fflush.obj (.text:__doflush)
                  80007000    000000e0                 : memory.obj (.text:_mremove)
                  800070e0    000000c0                 : divu.obj (.text:__divu)
                  800071a0    000000c0                 : trgmsg.obj (.text:_writemsg)
                  80007260    000000c0                 : trgmsg.obj (.text:_readmsg)
                  80007320    000000c0                 : lowlev.obj (.text:_finddevice)
                  800073e0    000000c0                 : fixdli.obj (.text:__fixdli)
                  800074a0    000000a0     main.obj (.text)
                  80007540    000000a0     rts6700.lib : imath40.obj (.text:__remli)
                  800075e0    000000a0                 : printf.obj (.text:_printf)
                  80007680    000000a0                 : mpyll.obj (.text:__mpyll)
                  80007720    000000a0                 : memccpy.obj (.text:_memccpy)
                  800077c0    000000a0                 : lowlev.obj (.text:_unlink)
                  80007860    00000080                 : llshift.obj (.text:__llshru)
                  800078e0    00000080                 : llshift.obj (.text:__llshl)
                  80007960    00000080                 : boot.obj (.text:_c_int00)
                  800079e0    00000060                 : imath64.obj (.text:__subcull)
                  80007a40    00000060     proc.obj (.text)
                  80007aa0    00000040     rts6700.lib : args_main.obj (.text:__args_main)
                  80007ae0    00000020                 : negll.obj (.text:__negll)
                  80007b00    00000020                 : remove.obj (.text:_remove)
                  80007b20    00000020                 : _lock.obj (.text:__nop)
                  80007b40    00000020                 : printf.obj (.text:__outs)
                  80007b60    00000020                 : exit.obj (.text:_abort)
                  80007b80    00000020                 : printf.obj (.text:__outc)

.stack     0    80007ba0    00001000     UNINITIALIZED
                  80007ba0    00000008     rts6700.lib : boot.obj (.stack)

.sysmem    0    80008ba0    00001000     UNINITIALIZED
                  80008ba0    00000008     rts6700.lib : memory.obj (.sysmem)

.far       0    80009ba0    00000d80     UNINITIALIZED
                  80009ba0    00000400     main.obj (.far)
                  80009fa0    00000374     rts6700.lib : defs.obj (.far)
                  8000a314    00000190                 : fcvt.obj (.far)
                  8000a4a4    00000190                 : _printfi.obj (.far)
                  8000a634    0000011c                 : lowlev.obj (.far)
                  8000a750    000000d0                 : trgdrv.obj (.far)
                  8000a820    0000008c                 : exit.obj (.far)
                  8000a8ac    00000064                 : ecvt.obj (.far)
                  8000a910    00000008                 : _lock.obj (.far)
                  8000a918    00000008                 : memory.obj (.far)

.cinit     0    8000a920    0000074c     
                  8000a920    0000041c     main.obj (.cinit)
                  8000ad3c    00000004     --HOLE-- [fill = 0]
                  8000ad40    00000244     rts6700.lib : defs.obj (.cinit)
                  8000af84    00000004     --HOLE-- [fill = 0]
                  8000af88    0000005c                 : lowlev.obj (.cinit)
                  8000afe4    00000004     --HOLE-- [fill = 0]
                  8000afe8    0000002c                 : exit.obj (.cinit)
                  8000b014    00000004     --HOLE-- [fill = 0]
                  8000b018    0000002c                 : memory.obj (.cinit)
                  8000b044    00000004     --HOLE-- [fill = 0]
                  8000b048    0000001c                 : _lock.obj (.cinit)
                  8000b064    00000008     --HOLE-- [fill = 0]

.const     0    8000b06c    00000146     
                  8000b06c    00000101     rts6700.lib : ctype.obj (.const)
                  8000b16d    0000002a                 : _printfi.obj (.const)
                  8000b197    00000019     main.obj (.const)
                  8000b1b0    00000002     rts6700.lib : fputs.obj (.const)

.cio       0    8000b1b4    00000120     UNINITIALIZED
                  8000b1b4    00000120     rts6700.lib : trgmsg.obj (.cio)

.bss       0    8000b2d4    00000004     UNINITIALIZED
                  8000b2d4    00000004     main.obj (.bss)

.intvecs   0    00000000    00000000     UNINITIALIZED

.pinit     0    00000200    00000000     UNINITIALIZED


GLOBAL SYMBOLS: SORTED ALPHABETICALLY BY Name 

address    name
--------   ----
8000b2d4   $bss
8000b2d4   .bss
80000000   .data
80000000   .text
80007b60   C$$EXIT
8000724c   C$$IO$$
80006d40   _HOSTclose
80005000   _HOSTlseek
80005700   _HOSTopen
800064a0   _HOSTread
80004240   _HOSTrename
80006380   _HOSTunlink
80006260   _HOSTwrite
00000000   _HWI_Cache_Control
ffffe7f7   _RTDX_interrupt_mask
8000b1b4   __CIOBUF_
00001000   __STACK_SIZE
00001000   __SYSMEM_SIZE
ffffffff   ___binit__
8000b2d4   ___bss__
ffffffff   ___c_args__
8000a920   ___cinit__
80000000   ___data__
80000000   ___edata__
8000b2d8   ___end__
80007ba0   ___etext__
ffffffff   ___pinit__
80000000   ___text__
80007aa0   __args_main
80005ae0   __auto_init
80006c40   __cleanup
8000a8a4   __cleanup_ptr
8000b06c   __ctypes_
80003b00   __divd
80006120   __divli
800070e0   __divu
80003fe0   __divul
80002e60   __divull
80006f20   __doflush
8000a8a8   __dtors_ptr
800073e0   __fixdli
800031e0   __frcdivd
8000a310   __ft_end
80009fa0   __ftable
800078e0   __llshl
80007860   __llshru
8000a910   __lock
80007680   __mpyll
80007ae0   __negll
80007b20   __nop
80001320   __printfi
80007540   __remli
80007ba0   __stack
800079e0   __subcull
80008ba0   __sys_memory
8000a1d0   __tmpnams
8000a914   __unlock
UNDEFED __vectors
80006800   __wrt_ok
80009ba0   _a
80007b60   _abort
80005d60   _atoi
UNDEFED _auto_init
80007960   _c_int00
80005ea0   _close
80006a40   _dotp
80000a20   _ecvt
80005860   _exit
80005440   _fclose
80000ea0   _fcvt
80004e80   _fputc
80002380   _fputs
80002740   _free
800065c0   _fseek
800052e0   _lseek
800059a0   _ltoa
800074a0   _main
800046c0   _malloc
80007720   _memccpy
80004480   _memcpy
80005c20   _memset
800075e0   _printf
80007a40   _proc
80007260   _readmsg
80007b00   _remove
80003d80   _setvbuf
800077c0   _unlink
80005180   _write
800071a0   _writemsg
80009da0   _x
8000b2d4   _y
ffffffff   binit
8000a920   cinit
80000000   edata
8000b2d8   end
80007ba0   etext
ffffffff   pinit


GLOBAL SYMBOLS: SORTED BY Symbol Address 

address    name
--------   ----
00000000   _HWI_Cache_Control
00001000   __SYSMEM_SIZE
00001000   __STACK_SIZE
80000000   ___data__
80000000   ___text__
80000000   edata
80000000   .data
80000000   ___edata__
80000000   .text
80000a20   _ecvt
80000ea0   _fcvt
80001320   __printfi
80002380   _fputs
80002740   _free
80002e60   __divull
800031e0   __frcdivd
80003b00   __divd
80003d80   _setvbuf
80003fe0   __divul
80004240   _HOSTrename
80004480   _memcpy
800046c0   _malloc
80004e80   _fputc
80005000   _HOSTlseek
80005180   _write
800052e0   _lseek
80005440   _fclose
80005700   _HOSTopen
80005860   _exit
800059a0   _ltoa
80005ae0   __auto_init
80005c20   _memset
80005d60   _atoi
80005ea0   _close
80006120   __divli
80006260   _HOSTwrite
80006380   _HOSTunlink
800064a0   _HOSTread
800065c0   _fseek
80006800   __wrt_ok
80006a40   _dotp
80006c40   __cleanup
80006d40   _HOSTclose
80006f20   __doflush
800070e0   __divu
800071a0   _writemsg
8000724c   C$$IO$$
80007260   _readmsg
800073e0   __fixdli
800074a0   _main
80007540   __remli
800075e0   _printf
80007680   __mpyll
80007720   _memccpy
800077c0   _unlink
80007860   __llshru
800078e0   __llshl
80007960   _c_int00
800079e0   __subcull
80007a40   _proc
80007aa0   __args_main
80007ae0   __negll
80007b00   _remove
80007b20   __nop
80007b60   _abort
80007b60   C$$EXIT
80007ba0   etext
80007ba0   ___etext__
80007ba0   __stack
80008ba0   __sys_memory
80009ba0   _a
80009da0   _x
80009fa0   __ftable
8000a1d0   __tmpnams
8000a310   __ft_end
8000a8a4   __cleanup_ptr
8000a8a8   __dtors_ptr
8000a910   __lock
8000a914   __unlock
8000a920   ___cinit__
8000a920   cinit
8000b06c   __ctypes_
8000b1b4   __CIOBUF_
8000b2d4   .bss
8000b2d4   $bss
8000b2d4   _y
8000b2d4   ___bss__
8000b2d8   end
8000b2d8   ___end__
ffffe7f7   _RTDX_interrupt_mask
ffffffff   pinit
ffffffff   ___pinit__
UNDEFED _auto_init
ffffffff   ___binit__
UNDEFED __vectors
ffffffff   binit
ffffffff   ___c_args__

[97 symbols]
